# npm audit report

@grpc/grpc-js  <=1.9.15
Severity: high
@grpc/grpc-js can allocate memory for incoming messages well above configured limits - https://github.com/advisories/GHSA-7v5v-9h63-cj86
@grpc/grpc-js: A malformed request can cause a server crash - https://github.com/advisories/GHSA-5375-pq7m-f5r2
@grpc/grpc-js: An incoming malformed compressed message can cause a client or server crash - https://github.com/advisories/GHSA-99f4-grh7-6pcq
fix available via `npm audit fix --force`
Will install firebase-tools@15.30.2, which is a breaking change
node_modules/@grpc/grpc-js
  google-gax  0.13.5 - 4.3.6
  Depends on vulnerable versions of @grpc/grpc-js
  Depends on vulnerable versions of @grpc/proto-loader
  Depends on vulnerable versions of proto3-json-serializer
  Depends on vulnerable versions of protobufjs
  node_modules/google-gax
    @google-cloud/pubsub  0.20.0 - 3.7.5
    Depends on vulnerable versions of google-gax
    node_modules/@google-cloud/pubsub
      firebase-tools  <=14.27.0
      Depends on vulnerable versions of @google-cloud/pubsub
      Depends on vulnerable versions of jsonwebtoken
      Depends on vulnerable versions of marked
      Depends on vulnerable versions of marked-terminal
      Depends on vulnerable versions of proxy-agent
      Depends on vulnerable versions of request
      Depends on vulnerable versions of superstatic
      Depends on vulnerable versions of tar
      Depends on vulnerable versions of tmp
      Depends on vulnerable versions of universal-analytics
      Depends on vulnerable versions of update-notifier
      node_modules/firebase-tools

@tootallnate/once  <2.0.1
@tootallnate/once vulnerable to Incorrect Control Flow Scoping - https://github.com/advisories/GHSA-vpq2-c234-7xj6
fix available via `npm audit fix --force`
Will install firebase-tools@15.30.2, which is a breaking change
node_modules/@tootallnate/once
  get-uri  3.0.1 - 3.0.2
  Depends on vulnerable versions of @tootallnate/once
  node_modules/get-uri
  http-proxy-agent  4.0.1
  Depends on vulnerable versions of @tootallnate/once
  node_modules/http-proxy-agent
    pac-proxy-agent  1.1.0 - 6.0.4
    Depends on vulnerable versions of @tootallnate/once
    Depends on vulnerable versions of http-proxy-agent
    Depends on vulnerable versions of pac-resolver
    node_modules/pac-proxy-agent
      proxy-agent  4.0.0 - 5.0.0
      Depends on vulnerable versions of pac-proxy-agent
      node_modules/proxy-agent


form-data  <=2.5.5
Severity: critical
form-data uses unsafe random function in form-data for choosing boundary - https://github.com/advisories/GHSA-fjxv-7rqg-78g4
form-data: CRLF injection in form-data via unescaped multipart field names and filenames - https://github.com/advisories/GHSA-hmw2-7cc7-3qxx
fix available via `npm audit fix --force`
Will install firebase-tools@15.30.2, which is a breaking change
node_modules/form-data
  request  *
  Depends on vulnerable versions of form-data
  Depends on vulnerable versions of qs
  Depends on vulnerable versions of tough-cookie
  node_modules/request
    universal-analytics  <=0.4.23
    Depends on vulnerable versions of request
    node_modules/universal-analytics

got  <11.8.5
Severity: moderate
Got allows a redirect to a UNIX socket - https://github.com/advisories/GHSA-pfrx-2q88-qq97
fix available via `npm audit fix --force`
Will install firebase-tools@15.30.2, which is a breaking change
node_modules/got
  package-json  <=6.5.0
  Depends on vulnerable versions of got
  node_modules/package-json
    latest-version  0.2.0 - 5.1.0
    Depends on vulnerable versions of package-json
    node_modules/latest-version
      update-notifier  0.2.0 - 5.1.0
      Depends on vulnerable versions of latest-version
      node_modules/superstatic/node_modules/update-notifier
      node_modules/update-notifier
        superstatic  0.12.11 - 9.0.3
        Depends on vulnerable versions of router
        Depends on vulnerable versions of update-notifier
        node_modules/superstatic

ip  *
Severity: high
ip SSRF improper categorization in isPublic - https://github.com/advisories/GHSA-2p57-rm9w-gvfp
fix available via `npm audit fix --force`
Will install firebase-tools@15.30.2, which is a breaking change
node_modules/ip
  pac-resolver  1.3.0 - 7.0.0
  Depends on vulnerable versions of ip
  node_modules/pac-resolver

jsonwebtoken  <=8.5.1
Severity: high
jsonwebtoken unrestricted key type could lead to legacy keys usage  - https://github.com/advisories/GHSA-8cf7-32gw-wr33
jsonwebtoken's insecure implementation of key retrieval function could lead to Forgeable Public/Private Tokens from RSA to HMAC - https://github.com/advisories/GHSA-hjrf-2m68-5959
jsonwebtoken vulnerable to signature validation bypass due to insecure default algorithm in jwt.verify() - https://github.com/advisories/GHSA-qwph-4952-7xr6
fix available via `npm audit fix --force`
Will install firebase-tools@15.30.2, which is a breaking change
node_modules/jsonwebtoken

marked  <=4.0.9
Severity: high
Inefficient Regular Expression Complexity in marked - https://github.com/advisories/GHSA-rrrm-qjm4-v8hf
Inefficient Regular Expression Complexity in marked - https://github.com/advisories/GHSA-5v2h-r2cx-5xgj
fix available via `npm audit fix --force`
Will install firebase-tools@15.30.2, which is a breaking change
node_modules/marked
  marked-terminal  <=4.2.0
  Depends on vulnerable versions of marked
  node_modules/marked-terminal

path-to-regexp  <=0.1.12
Severity: high
path-to-regexp outputs backtracking regular expressions - https://github.com/advisories/GHSA-9wv6-86v2-598j
path-to-regexp contains a ReDoS - https://github.com/advisories/GHSA-rhx6-c78j-4q9w
path-to-regexp vulnerable to Regular Expression Denial of Service via multiple route parameters - https://github.com/advisories/GHSA-37ch-88jc-xwx2
fix available via `npm audit fix --force`
Will install firebase-tools@15.30.2, which is a breaking change
node_modules/superstatic/node_modules/router/node_modules/path-to-regexp
  router  1.0.0-beta.1 - 2.0.0-beta.2
  Depends on vulnerable versions of path-to-regexp
  node_modules/superstatic/node_modules/router

protobufjs  <=7.6.2
Severity: critical
Prototype Pollution in protobufjs - https://github.com/advisories/GHSA-g954-5hwp-pp24
protobufjs Prototype Pollution vulnerability - https://github.com/advisories/GHSA-h755-8qp9-cq85
Arbitrary code execution in protobufjs - https://github.com/advisories/GHSA-xq3m-2v4x-88gg
protobuf.js: Code injection through bytes field defaults in generated toObject code - https://github.com/advisories/GHSA-66ff-xgx4-vchm
protobuf.js: Denial of service from crafted field names in generated code - https://github.com/advisories/GHSA-2pr8-phx7-x9h3
protobuf.js: Prototype injection in generated message constructors - https://github.com/advisories/GHSA-fx83-v9x8-x52w
protobuf.js: Code generation gadget after prototype pollution - https://github.com/advisories/GHSA-75px-5xx7-5xc7
protobuf.js: Process-wide denial of service through unsafe option paths - https://github.com/advisories/GHSA-jvwf-75h9-cwgg
protobuf.js: Denial of service through unbounded protobuf recursion - https://github.com/advisories/GHSA-685m-2w69-288q
protobufjs has overlong UTF-8 decoding - https://github.com/advisories/GHSA-q6x5-8v7m-xcrf
protobufjs: Denial of Service via unbounded recursive JSON descriptor expansion - https://github.com/advisories/GHSA-jggg-4jg4-v7c6
protobufjs: Denial of service through unbounded Any expansion during JSON conversion - https://github.com/advisories/GHSA-wcpc-wj8m-hjx6
protobufjs : Schema-derived names can shadow runtime-significant properties - https://github.com/advisories/GHSA-f38q-mgvj-vph7
fix available via `npm audit fix --force`
Will install firebase-tools@15.30.2, which is a breaking change
node_modules/@grpc/proto-loader/node_modules/protobufjs
node_modules/google-gax/node_modules/protobufjs
node_modules/proto3-json-serializer/node_modules/protobufjs
  @grpc/proto-loader  <=0.6.13
  Depends on vulnerable versions of protobufjs
  node_modules/@grpc/proto-loader
  proto3-json-serializer  0.1.6 - 1.0.2
  Depends on vulnerable versions of protobufjs
  node_modules/proto3-json-serializer

qs  <=6.15.3
Severity: moderate
qs's arrayLimit bypass in its bracket notation allows DoS via memory exhaustion - https://github.com/advisories/GHSA-6rw7-vpxm-498p
qs: Denial of Service via Attacker Controlled isBuffer - https://github.com/advisories/GHSA-4mjr-xmp4-gh2g
fix available via `npm audit fix --force`
Will install firebase-tools@15.30.2, which is a breaking change
node_modules/request/node_modules/qs


tar  <=7.5.20
Severity: critical
Denial of service while parsing a tar file due to lack of folders count validation - https://github.com/advisories/GHSA-f5x3-32g6-xq36
node-tar Vulnerable to Arbitrary File Creation/Overwrite via Hardlink Path Traversal - https://github.com/advisories/GHSA-34x7-hfp2-rc4v
node-tar is Vulnerable to Arbitrary File Overwrite and Symlink Poisoning via Insufficient Path Sanitization - https://github.com/advisories/GHSA-8qq5-rm4j-mr97
Arbitrary File Read/Write via Hardlink Target Escape Through Symlink Chain in node-tar Extraction - https://github.com/advisories/GHSA-83g3-92jg-28cx
tar has Hardlink Path Traversal via Drive-Relative Linkpath - https://github.com/advisories/GHSA-qffp-2rhf-9h96
node-tar Symlink Path Traversal via Drive-Relative Linkpath - https://github.com/advisories/GHSA-9ppj-qmqm-q256
Race Condition in node-tar Path Reservations via Unicode Ligature Collisions on macOS APFS - https://github.com/advisories/GHSA-r6q2-hw4h-h46w
node-tar applies PAX size override to intermediary GNU long-name/long-link headers, causing tar parser interpretation differential (file smuggling) - https://github.com/advisories/GHSA-vmf3-w455-68vh
node-tar: Process crash via PAX numeric path type confusion - https://github.com/advisories/GHSA-w8wr-v893-vjvp
node-tar: Decompression/parse DoS via unlimited input - https://github.com/advisories/GHSA-23hp-3jrh-7fpw
node-tar: Negative tar entry size causes infinite loop in archive replace - https://github.com/advisories/GHSA-8x88-c5mf-7j5w
node-tar: Uncaught Exception DoS via NUL byte in PAX path/linkpath records - https://github.com/advisories/GHSA-gvwx-54wh-qm9j
node-tar: Uncontrolled recursion in mapHas/filesFilter allows uncatchable stack-overflow DoS via crafted long-path tar with member selection - https://github.com/advisories/GHSA-r292-9mhp-454m
fix available via `npm audit fix --force`
Will install firebase-tools@15.30.2, which is a breaking change
node_modules/firebase-tools/node_modules/tar

tmp  <=0.2.5
Severity: high
tmp allows arbitrary temporary file / directory write via symbolic link `dir` parameter - https://github.com/advisories/GHSA-52f5-9888-hmc6
tmp has Path Traversal via unsanitized prefix/postfix that enables directory escape - https://github.com/advisories/GHSA-ph9p-34f9-6g65
fix available via `npm audit fix --force`
Will install firebase-tools@15.30.2, which is a breaking change
node_modules/tmp

tough-cookie  <4.1.3
Severity: moderate
tough-cookie Prototype Pollution vulnerability - https://github.com/advisories/GHSA-72xf-g2v4-qvf3
fix available via `npm audit fix --force`
Will install firebase-tools@15.30.2, which is a breaking change
node_modules/tough-cookie

31 vulnerabilities (4 low, 7 moderate, 16 high, 4 critical)

To address issues that do not require attention, run:
  npm audit fix

To address all issues (including breaking changes), run:
  npm audit fix --force
